[0.573s] Invoking command in '/home/yash/projects/hw01-mujoco-rotations/ros_ws/build/hw01_tf_demo': PYTHONPATH=/home/yash/projects/hw01-mujoco-rotations/ros_ws/build/hw01_tf_demo/prefix_override:/usr/lib/python3/dist-packages/colcon_core/task/python/colcon_distutils_commands:/home/yash/projects/hw01-mujoco-rotations/ros_ws/install/hw01_tf_demo/lib/python3.10/site-packages:${PYTHONPATH} /usr/bin/python3 -W ignore:setup.py install is deprecated -W ignore:easy_install command is deprecated setup.py develop --editable --build-directory /home/yash/projects/hw01-mujoco-rotations/ros_ws/build/hw01_tf_demo/build --no-deps symlink_data
[0.709s] /usr/lib/python3/dist-packages/setuptools/dist.py:723: UserWarning: Usage of dash-separated 'script-dir' will not be supported in future versions. Please use the underscore name 'script_dir' instead
[0.709s]   warnings.warn(
[0.736s] running develop
[0.822s] running egg_info
[0.822s] creating hw01_tf_demo.egg-info
[0.822s] writing hw01_tf_demo.egg-info/PKG-INFO
[0.822s] writing dependency_links to hw01_tf_demo.egg-info/dependency_links.txt
[0.822s] writing entry points to hw01_tf_demo.egg-info/entry_points.txt
[0.822s] writing requirements to hw01_tf_demo.egg-info/requires.txt
[0.822s] writing top-level names to hw01_tf_demo.egg-info/top_level.txt
[0.822s] writing manifest file 'hw01_tf_demo.egg-info/SOURCES.txt'
[0.823s] reading manifest file 'hw01_tf_demo.egg-info/SOURCES.txt'
[0.823s] writing manifest file 'hw01_tf_demo.egg-info/SOURCES.txt'
[0.824s] running build_ext
[0.824s] Creating /home/yash/projects/hw01-mujoco-rotations/ros_ws/install/hw01_tf_demo/lib/python3.10/site-packages/hw01-tf-demo.egg-link (link to .)
[0.824s] Installing tf_broadcaster_node script to /home/yash/projects/hw01-mujoco-rotations/ros_ws/install/hw01_tf_demo/lib/hw01_tf_demo
[0.825s] 
[0.825s] Installed /home/yash/projects/hw01-mujoco-rotations/ros_ws/build/hw01_tf_demo
[0.825s] running symlink_data
[0.825s] creating /home/yash/projects/hw01-mujoco-rotations/ros_ws/install/hw01_tf_demo/share/ament_index
[0.825s] creating /home/yash/projects/hw01-mujoco-rotations/ros_ws/install/hw01_tf_demo/share/ament_index/resource_index
[0.825s] creating /home/yash/projects/hw01-mujoco-rotations/ros_ws/install/hw01_tf_demo/share/ament_index/resource_index/packages
[0.825s] symbolically linking /home/yash/projects/hw01-mujoco-rotations/ros_ws/build/hw01_tf_demo/resource/hw01_tf_demo -> /home/yash/projects/hw01-mujoco-rotations/ros_ws/install/hw01_tf_demo/share/ament_index/resource_index/packages
[0.825s] symbolically linking /home/yash/projects/hw01-mujoco-rotations/ros_ws/build/hw01_tf_demo/package.xml -> /home/yash/projects/hw01-mujoco-rotations/ros_ws/install/hw01_tf_demo/share/hw01_tf_demo
[0.841s] Invoked command in '/home/yash/projects/hw01-mujoco-rotations/ros_ws/build/hw01_tf_demo' returned '0': PYTHONPATH=/home/yash/projects/hw01-mujoco-rotations/ros_ws/build/hw01_tf_demo/prefix_override:/usr/lib/python3/dist-packages/colcon_core/task/python/colcon_distutils_commands:/home/yash/projects/hw01-mujoco-rotations/ros_ws/install/hw01_tf_demo/lib/python3.10/site-packages:${PYTHONPATH} /usr/bin/python3 -W ignore:setup.py install is deprecated -W ignore:easy_install command is deprecated setup.py develop --editable --build-directory /home/yash/projects/hw01-mujoco-rotations/ros_ws/build/hw01_tf_demo/build --no-deps symlink_data
