[0.086s] DEBUG:colcon:Command line arguments: ['/usr/bin/colcon', 'build', '--symlink-install']
[0.086s] DEBUG:colcon:Parsed command line arguments: Namespace(log_base=None, log_level=None, verb_name='build', build_base='build', install_base='install', merge_install=False, symlink_install=True, test_result_base=None, continue_on_error=False, executor='parallel', parallel_workers=24, event_handlers=None, ignore_user_meta=False, metas=['./colcon.meta'], base_paths=['.'], packages_ignore=None, packages_ignore_regex=None, paths=None, packages_up_to=None, packages_up_to_regex=None, packages_above=None, packages_above_and_dependencies=None, packages_above_depth=None, packages_select_by_dep=None, packages_skip_by_dep=None, packages_skip_up_to=None, packages_select_build_failed=False, packages_skip_build_finished=False, packages_select_test_failures=False, packages_skip_test_passed=False, packages_select=None, packages_skip=None, packages_select_regex=None, packages_skip_regex=None, packages_start=None, packages_end=None, allow_overriding=[], cmake_args=None, cmake_target=None, cmake_target_skip_unavailable=False, cmake_clean_cache=False, cmake_clean_first=False, cmake_force_configure=False, ament_cmake_args=None, catkin_cmake_args=None, catkin_skip_building_tests=False, mixin_files=None, mixin=None, verb_parser=<colcon_mixin.mixin.mixin_argument.MixinArgumentDecorator object at 0x70cdc5f65b70>, verb_extension=<colcon_core.verb.build.BuildVerb object at 0x70cdc5f656c0>, main=<bound method BuildVerb.main of <colcon_core.verb.build.BuildVerb object at 0x70cdc5f656c0>>, mixin_verb=('build',))
[0.232s] Level 1:colcon.colcon_core.package_discovery:discover_packages(colcon_meta) check parameters
[0.233s] Level 1:colcon.colcon_core.package_discovery:discover_packages(recursive) check parameters
[0.233s] Level 1:colcon.colcon_core.package_discovery:discover_packages(ignore) check parameters
[0.233s] Level 1:colcon.colcon_core.package_discovery:discover_packages(path) check parameters
[0.233s] Level 1:colcon.colcon_core.package_discovery:discover_packages(colcon_meta) discover
[0.233s] Level 1:colcon.colcon_core.package_discovery:discover_packages(recursive) discover
[0.233s] INFO:colcon.colcon_core.package_discovery:Crawling recursively for packages in '/home/yash/projects/hw01-mujoco-rotations/ros_ws'
[0.233s] Level 1:colcon.colcon_core.package_identification:_identify(.) by extensions ['ignore', 'ignore_ament_install']
[0.233s] Level 1:colcon.colcon_core.package_identification:_identify(.) by extension 'ignore'
[0.233s] Level 1:colcon.colcon_core.package_identification:_identify(.) by extension 'ignore_ament_install'
[0.233s] Level 1:colcon.colcon_core.package_identification:_identify(.) by extensions ['colcon_pkg']
[0.233s] Level 1:colcon.colcon_core.package_identification:_identify(.) by extension 'colcon_pkg'
[0.233s] Level 1:colcon.colcon_core.package_identification:_identify(.) by extensions ['colcon_meta']
[0.233s] Level 1:colcon.colcon_core.package_identification:_identify(.) by extension 'colcon_meta'
[0.233s] Level 1:colcon.colcon_core.package_identification:_identify(.) by extensions ['ros']
[0.233s] Level 1:colcon.colcon_core.package_identification:_identify(.) by extension 'ros'
[0.240s] Level 1:colcon.colcon_core.package_identification:_identify(.) by extensions ['cmake', 'python']
[0.240s] Level 1:colcon.colcon_core.package_identification:_identify(.) by extension 'cmake'
[0.240s] Level 1:colcon.colcon_core.package_identification:_identify(.) by extension 'python'
[0.240s] Level 1:colcon.colcon_core.package_identification:_identify(.) by extensions ['python_setup_py']
[0.240s] Level 1:colcon.colcon_core.package_identification:_identify(.) by extension 'python_setup_py'
[0.240s] Level 1:colcon.colcon_core.package_identification:_identify(build) by extensions ['ignore', 'ignore_ament_install']
[0.240s] Level 1:colcon.colcon_core.package_identification:_identify(build) by extension 'ignore'
[0.240s] Level 1:colcon.colcon_core.package_identification:_identify(build) ignored
[0.241s] Level 1:colcon.colcon_core.package_identification:_identify(install) by extensions ['ignore', 'ignore_ament_install']
[0.241s] Level 1:colcon.colcon_core.package_identification:_identify(install) by extension 'ignore'
[0.241s] Level 1:colcon.colcon_core.package_identification:_identify(install) ignored
[0.241s] Level 1:colcon.colcon_core.package_identification:_identify(log) by extensions ['ignore', 'ignore_ament_install']
[0.241s] Level 1:colcon.colcon_core.package_identification:_identify(log) by extension 'ignore'
[0.241s] Level 1:colcon.colcon_core.package_identification:_identify(log) ignored
[0.241s] Level 1:colcon.colcon_core.package_identification:_identify(src) by extensions ['ignore', 'ignore_ament_install']
[0.241s] Level 1:colcon.colcon_core.package_identification:_identify(src) by extension 'ignore'
[0.241s] Level 1:colcon.colcon_core.package_identification:_identify(src) by extension 'ignore_ament_install'
[0.241s] Level 1:colcon.colcon_core.package_identification:_identify(src) by extensions ['colcon_pkg']
[0.241s] Level 1:colcon.colcon_core.package_identification:_identify(src) by extension 'colcon_pkg'
[0.241s] Level 1:colcon.colcon_core.package_identification:_identify(src) by extensions ['colcon_meta']
[0.241s] Level 1:colcon.colcon_core.package_identification:_identify(src) by extension 'colcon_meta'
[0.241s] Level 1:colcon.colcon_core.package_identification:_identify(src) by extensions ['ros']
[0.241s] Level 1:colcon.colcon_core.package_identification:_identify(src) by extension 'ros'
[0.241s] Level 1:colcon.colcon_core.package_identification:_identify(src) by extensions ['cmake', 'python']
[0.241s] Level 1:colcon.colcon_core.package_identification:_identify(src) by extension 'cmake'
[0.241s] Level 1:colcon.colcon_core.package_identification:_identify(src) by extension 'python'
[0.241s] Level 1:colcon.colcon_core.package_identification:_identify(src) by extensions ['python_setup_py']
[0.241s] Level 1:colcon.colcon_core.package_identification:_identify(src) by extension 'python_setup_py'
[0.241s] Level 1:colcon.colcon_core.package_identification:_identify(src/hw01_tf_demo) by extensions ['ignore', 'ignore_ament_install']
[0.241s] Level 1:colcon.colcon_core.package_identification:_identify(src/hw01_tf_demo) by extension 'ignore'
[0.241s] Level 1:colcon.colcon_core.package_identification:_identify(src/hw01_tf_demo) by extension 'ignore_ament_install'
[0.241s] Level 1:colcon.colcon_core.package_identification:_identify(src/hw01_tf_demo) by extensions ['colcon_pkg']
[0.241s] Level 1:colcon.colcon_core.package_identification:_identify(src/hw01_tf_demo) by extension 'colcon_pkg'
[0.241s] Level 1:colcon.colcon_core.package_identification:_identify(src/hw01_tf_demo) by extensions ['colcon_meta']
[0.241s] Level 1:colcon.colcon_core.package_identification:_identify(src/hw01_tf_demo) by extension 'colcon_meta'
[0.241s] Level 1:colcon.colcon_core.package_identification:_identify(src/hw01_tf_demo) by extensions ['ros']
[0.241s] Level 1:colcon.colcon_core.package_identification:_identify(src/hw01_tf_demo) by extension 'ros'
[0.244s] DEBUG:colcon.colcon_core.package_identification:Package 'src/hw01_tf_demo' with type 'ros.ament_python' and name 'hw01_tf_demo'
[0.244s] Level 1:colcon.colcon_core.package_discovery:discover_packages(recursive) using defaults
[0.244s] Level 1:colcon.colcon_core.package_discovery:discover_packages(ignore) discover
[0.244s] Level 1:colcon.colcon_core.package_discovery:discover_packages(ignore) using defaults
[0.244s] Level 1:colcon.colcon_core.package_discovery:discover_packages(path) discover
[0.244s] Level 1:colcon.colcon_core.package_discovery:discover_packages(path) using defaults
[0.264s] Level 1:colcon.colcon_core.package_discovery:discover_packages(prefix_path) check parameters
[0.264s] Level 1:colcon.colcon_core.package_discovery:discover_packages(prefix_path) discover
[0.266s] DEBUG:colcon.colcon_installed_package_information.package_discovery:Found 273 installed packages in /opt/ros/humble
[0.267s] Level 1:colcon.colcon_core.package_discovery:discover_packages(prefix_path) using defaults
[0.290s] Level 5:colcon.colcon_core.verb:set package 'hw01_tf_demo' build argument 'cmake_args' from command line to 'None'
[0.290s] Level 5:colcon.colcon_core.verb:set package 'hw01_tf_demo' build argument 'cmake_target' from command line to 'None'
[0.290s] Level 5:colcon.colcon_core.verb:set package 'hw01_tf_demo' build argument 'cmake_target_skip_unavailable' from command line to 'False'
[0.290s] Level 5:colcon.colcon_core.verb:set package 'hw01_tf_demo' build argument 'cmake_clean_cache' from command line to 'False'
[0.290s] Level 5:colcon.colcon_core.verb:set package 'hw01_tf_demo' build argument 'cmake_clean_first' from command line to 'False'
[0.290s] Level 5:colcon.colcon_core.verb:set package 'hw01_tf_demo' build argument 'cmake_force_configure' from command line to 'False'
[0.290s] Level 5:colcon.colcon_core.verb:set package 'hw01_tf_demo' build argument 'ament_cmake_args' from command line to 'None'
[0.290s] Level 5:colcon.colcon_core.verb:set package 'hw01_tf_demo' build argument 'catkin_cmake_args' from command line to 'None'
[0.290s] Level 5:colcon.colcon_core.verb:set package 'hw01_tf_demo' build argument 'catkin_skip_building_tests' from command line to 'False'
[0.290s] DEBUG:colcon.colcon_core.verb:Building package 'hw01_tf_demo' with the following arguments: {'ament_cmake_args': None, 'build_base': '/home/yash/projects/hw01-mujoco-rotations/ros_ws/build/hw01_tf_demo', 'catkin_cmake_args': None, 'catkin_skip_building_tests': False, 'cmake_args': None, 'cmake_clean_cache': False, 'cmake_clean_first': False, 'cmake_force_configure': False, 'cmake_target': None, 'cmake_target_skip_unavailable': False, 'install_base': '/home/yash/projects/hw01-mujoco-rotations/ros_ws/install/hw01_tf_demo', 'merge_install': False, 'path': '/home/yash/projects/hw01-mujoco-rotations/ros_ws/src/hw01_tf_demo', 'symlink_install': True, 'test_result_base': None}
[0.290s] INFO:colcon.colcon_core.executor:Executing jobs using 'parallel' executor
[0.291s] DEBUG:colcon.colcon_parallel_executor.executor.parallel:run_until_complete
[0.291s] INFO:colcon.colcon_ros.task.ament_python.build:Building ROS package in '/home/yash/projects/hw01-mujoco-rotations/ros_ws/src/hw01_tf_demo' with build type 'ament_python'
[0.291s] Level 1:colcon.colcon_core.shell:create_environment_hook('hw01_tf_demo', 'ament_prefix_path')
[0.293s] INFO:colcon.colcon_core.plugin_system:Skipping extension 'colcon_core.shell.bat': Not used on non-Windows systems
[0.293s] INFO:colcon.colcon_core.shell:Creating environment hook '/home/yash/projects/hw01-mujoco-rotations/ros_ws/install/hw01_tf_demo/share/hw01_tf_demo/hook/ament_prefix_path.ps1'
[0.294s] INFO:colcon.colcon_core.shell:Creating environment descriptor '/home/yash/projects/hw01-mujoco-rotations/ros_ws/install/hw01_tf_demo/share/hw01_tf_demo/hook/ament_prefix_path.dsv'
[0.294s] INFO:colcon.colcon_core.shell:Creating environment hook '/home/yash/projects/hw01-mujoco-rotations/ros_ws/install/hw01_tf_demo/share/hw01_tf_demo/hook/ament_prefix_path.sh'
[0.295s] INFO:colcon.colcon_core.shell:Skip shell extension 'powershell' for command environment: Not usable outside of PowerShell
[0.295s] DEBUG:colcon.colcon_core.shell:Skip shell extension 'dsv' for command environment
[0.468s] INFO:colcon.colcon_core.task.python.build:Building Python package in '/home/yash/projects/hw01-mujoco-rotations/ros_ws/src/hw01_tf_demo'
[0.468s] INFO:colcon.colcon_core.shell:Skip shell extension 'powershell' for command environment: Not usable outside of PowerShell
[0.468s] DEBUG:colcon.colcon_core.shell:Skip shell extension 'dsv' for command environment
[0.695s] DEBUG:colcon.colcon_core.task.python.build:Available setuptools commands: dist_info, upload_docs, alias, bdist_egg, build_clib, install_lib, install_egg_info, build, check, build_ext, saveopts, test, clean, bdist, bdist_dumb, upload, install_headers, rotate, easy_install, build_scripts, register, bdist_rpm, install_scripts, symlink_data, bdist_wheel, sdist, develop, install, egg_info, setopt, install_data, build_py
[0.863s] DEBUG:colcon.colcon_core.task.python.build:Available setuptools 'develop' options: --zip-ok, --install-dir, --user, --allow-hosts, --quiet, --script-dir, --no-find-links, --exclude-scripts, --no-deps, --always-unzip, --local-snapshots-ok, --dry-run, --uninstall, --build-directory, --no-user-cfg, --verbose, --version, --install-layout, --upgrade, --site-dirs, --record, --always-copy, --prefix, --find-links, --multi-version, --optimize, --help, --egg-path, --force-installation-into-system-dir, --index-url, --editable
[0.864s] DEBUG:colcon.colcon_core.event_handler.log_command:Invoking command in '/home/yash/projects/hw01-mujoco-rotations/ros_ws/build/hw01_tf_demo': PYTHONPATH=/home/yash/projects/hw01-mujoco-rotations/ros_ws/build/hw01_tf_demo/prefix_override:/usr/lib/python3/dist-packages/colcon_core/task/python/colcon_distutils_commands:/home/yash/projects/hw01-mujoco-rotations/ros_ws/install/hw01_tf_demo/lib/python3.10/site-packages:${PYTHONPATH} /usr/bin/python3 -W ignore:setup.py install is deprecated -W ignore:easy_install command is deprecated setup.py develop --editable --build-directory /home/yash/projects/hw01-mujoco-rotations/ros_ws/build/hw01_tf_demo/build --no-deps symlink_data
[1.132s] Level 1:colcon.colcon_core.shell:create_environment_hook('hw01_tf_demo', 'pythonpath_develop')
[1.132s] INFO:colcon.colcon_core.shell:Creating environment hook '/home/yash/projects/hw01-mujoco-rotations/ros_ws/build/hw01_tf_demo/share/hw01_tf_demo/hook/pythonpath_develop.ps1'
[1.132s] DEBUG:colcon.colcon_core.event_handler.log_command:Invoked command in '/home/yash/projects/hw01-mujoco-rotations/ros_ws/build/hw01_tf_demo' returned '0': PYTHONPATH=/home/yash/projects/hw01-mujoco-rotations/ros_ws/build/hw01_tf_demo/prefix_override:/usr/lib/python3/dist-packages/colcon_core/task/python/colcon_distutils_commands:/home/yash/projects/hw01-mujoco-rotations/ros_ws/install/hw01_tf_demo/lib/python3.10/site-packages:${PYTHONPATH} /usr/bin/python3 -W ignore:setup.py install is deprecated -W ignore:easy_install command is deprecated setup.py develop --editable --build-directory /home/yash/projects/hw01-mujoco-rotations/ros_ws/build/hw01_tf_demo/build --no-deps symlink_data
[1.133s] INFO:colcon.colcon_core.shell:Creating environment descriptor '/home/yash/projects/hw01-mujoco-rotations/ros_ws/build/hw01_tf_demo/share/hw01_tf_demo/hook/pythonpath_develop.dsv'
[1.133s] INFO:colcon.colcon_core.shell:Creating environment hook '/home/yash/projects/hw01-mujoco-rotations/ros_ws/build/hw01_tf_demo/share/hw01_tf_demo/hook/pythonpath_develop.sh'
[1.138s] Level 1:colcon.colcon_core.environment:checking '/home/yash/projects/hw01-mujoco-rotations/ros_ws/install/hw01_tf_demo' for CMake module files
[1.139s] Level 1:colcon.colcon_core.environment:checking '/home/yash/projects/hw01-mujoco-rotations/ros_ws/install/hw01_tf_demo' for CMake config files
[1.139s] Level 1:colcon.colcon_core.environment:checking '/home/yash/projects/hw01-mujoco-rotations/ros_ws/install/hw01_tf_demo/lib'
[1.139s] Level 1:colcon.colcon_core.environment:checking '/home/yash/projects/hw01-mujoco-rotations/ros_ws/install/hw01_tf_demo/bin'
[1.140s] Level 1:colcon.colcon_core.environment:checking '/home/yash/projects/hw01-mujoco-rotations/ros_ws/install/hw01_tf_demo/lib/pkgconfig/hw01_tf_demo.pc'
[1.140s] Level 1:colcon.colcon_core.environment:checking '/home/yash/projects/hw01-mujoco-rotations/ros_ws/install/hw01_tf_demo/lib/python3.10/site-packages'
[1.140s] Level 1:colcon.colcon_core.shell:create_environment_hook('hw01_tf_demo', 'pythonpath')
[1.140s] INFO:colcon.colcon_core.shell:Creating environment hook '/home/yash/projects/hw01-mujoco-rotations/ros_ws/install/hw01_tf_demo/share/hw01_tf_demo/hook/pythonpath.ps1'
[1.141s] INFO:colcon.colcon_core.shell:Creating environment descriptor '/home/yash/projects/hw01-mujoco-rotations/ros_ws/install/hw01_tf_demo/share/hw01_tf_demo/hook/pythonpath.dsv'
[1.141s] INFO:colcon.colcon_core.shell:Creating environment hook '/home/yash/projects/hw01-mujoco-rotations/ros_ws/install/hw01_tf_demo/share/hw01_tf_demo/hook/pythonpath.sh'
[1.142s] Level 1:colcon.colcon_core.environment:checking '/home/yash/projects/hw01-mujoco-rotations/ros_ws/install/hw01_tf_demo/bin'
[1.142s] Level 1:colcon.colcon_core.environment:create_environment_scripts_only(hw01_tf_demo)
[1.142s] INFO:colcon.colcon_core.shell:Creating package script '/home/yash/projects/hw01-mujoco-rotations/ros_ws/install/hw01_tf_demo/share/hw01_tf_demo/package.ps1'
[1.143s] INFO:colcon.colcon_core.shell:Creating package descriptor '/home/yash/projects/hw01-mujoco-rotations/ros_ws/install/hw01_tf_demo/share/hw01_tf_demo/package.dsv'
[1.144s] INFO:colcon.colcon_core.shell:Creating package script '/home/yash/projects/hw01-mujoco-rotations/ros_ws/install/hw01_tf_demo/share/hw01_tf_demo/package.sh'
[1.145s] INFO:colcon.colcon_core.shell:Creating package script '/home/yash/projects/hw01-mujoco-rotations/ros_ws/install/hw01_tf_demo/share/hw01_tf_demo/package.bash'
[1.146s] INFO:colcon.colcon_core.shell:Creating package script '/home/yash/projects/hw01-mujoco-rotations/ros_ws/install/hw01_tf_demo/share/hw01_tf_demo/package.zsh'
[1.147s] Level 1:colcon.colcon_core.environment:create_file_with_runtime_dependencies(/home/yash/projects/hw01-mujoco-rotations/ros_ws/install/hw01_tf_demo/share/colcon-core/packages/hw01_tf_demo)
[1.147s] DEBUG:colcon.colcon_parallel_executor.executor.parallel:closing loop
[1.147s] DEBUG:colcon.colcon_parallel_executor.executor.parallel:loop closed
[1.148s] DEBUG:colcon.colcon_parallel_executor.executor.parallel:run_until_complete finished with '0'
[1.148s] DEBUG:colcon.colcon_core.event_reactor:joining thread
[1.151s] INFO:colcon.colcon_core.plugin_system:Skipping extension 'colcon_notification.desktop_notification.terminal_notifier': Not used on non-Darwin systems
[1.151s] INFO:colcon.colcon_core.plugin_system:Skipping extension 'colcon_notification.desktop_notification.win32': Not used on non-Windows systems
[1.151s] INFO:colcon.colcon_notification.desktop_notification:Sending desktop notification using 'notify2'
[1.163s] DEBUG:colcon.colcon_core.event_reactor:joined thread
[1.164s] INFO:colcon.colcon_core.shell:Creating prefix script '/home/yash/projects/hw01-mujoco-rotations/ros_ws/install/local_setup.ps1'
[1.165s] INFO:colcon.colcon_core.shell:Creating prefix util module '/home/yash/projects/hw01-mujoco-rotations/ros_ws/install/_local_setup_util_ps1.py'
[1.167s] INFO:colcon.colcon_core.shell:Creating prefix chain script '/home/yash/projects/hw01-mujoco-rotations/ros_ws/install/setup.ps1'
[1.168s] INFO:colcon.colcon_core.shell:Creating prefix script '/home/yash/projects/hw01-mujoco-rotations/ros_ws/install/local_setup.sh'
[1.169s] INFO:colcon.colcon_core.shell:Creating prefix util module '/home/yash/projects/hw01-mujoco-rotations/ros_ws/install/_local_setup_util_sh.py'
[1.169s] INFO:colcon.colcon_core.shell:Creating prefix chain script '/home/yash/projects/hw01-mujoco-rotations/ros_ws/install/setup.sh'
[1.170s] INFO:colcon.colcon_core.shell:Creating prefix script '/home/yash/projects/hw01-mujoco-rotations/ros_ws/install/local_setup.bash'
[1.171s] INFO:colcon.colcon_core.shell:Creating prefix chain script '/home/yash/projects/hw01-mujoco-rotations/ros_ws/install/setup.bash'
[1.172s] INFO:colcon.colcon_core.shell:Creating prefix script '/home/yash/projects/hw01-mujoco-rotations/ros_ws/install/local_setup.zsh'
[1.173s] INFO:colcon.colcon_core.shell:Creating prefix chain script '/home/yash/projects/hw01-mujoco-rotations/ros_ws/install/setup.zsh'
